M2G				┌ Ж └ ▌ ▄ Ж ▒ ▓ °   █┘┌Ж└■─┼▓⌠░▌┌─█┬∙ ▐ ▌ ▒ ▓ ─ ≈ ─ █ ° 
				╖═ ╞╔ЮВ╝╓ ╖ 01/09/13 ╞╝ 30/09/13 
				АБ═БЦА    ╖ 4  ╞╝  4 
				╞В╓Ю╝╖╓В╚    902 
				( ▒╗Ю╝╒╗╜═ ) 

H
здбддддддбддддддбддддддддбддддддбдддддддддбддддддддбдддддддддбддддддддддбддддддддддбддддбдддддддддддддддддддддддддддддддддддддддддддддддддддддддддддддддддддбддддддддддддддддбддддддддддддддддбдддбддддддддбдддддбдддддбдддддддддддддддд©
Ё▒Ё▐В╓Ю╝-Ё┼╝╓   Ё█╝╛░╔ё  ЁN     Ё░╔ёВАБЮ. Ё└═Б═ ╓╝-Ё█╝╛╔╜╙╚. Ё█╝╛╔Ю Б╝╒═Ё█╝╛╔Ю     Ё█╝╛-Ё                ┼  Ж  ▀  °  ┼  Ж  ▒  ▓  °                          Ё     √В╜═       Ё  ▒Ц╛═          Ё┘╚.Ё┤╒ВБ╜═  Ё └│  Ё ┼░  Ё                Ё
ЁБЁ╖╓В╚  Ё╞╝АБ═-ЁЮ═ЕЦ╜╙Ц Ё╞Ю╗║ЦБЁ  N      Ё╙Ц╛╔╜БЦ Ё╙╝╓ ╛═Б╔-ЁЮ╝-БЮ═╜А╞.ЁБЮ═╜А╞╝ЮБ.Ё╔Ю  цддддддддддддддддбддддддддддддддддбддддддддддддддддбдддддддддддддддд╢                Ё ╒ └│ ╝А╜.      Ё╝╞╔Ё╓═Б═    ЁЮ═Е. ЁЮ═Е. Ё   ▒ ⌠ ▄ ─      Ё
Ё═ЁА╙╚./ ЁГ═╚Л- Ё╞╝АБ═-  Ё╙╝╒╝ё╝Ё╞Ю╗║ЦБ╙. Ё        ЁЮВ═╚Ц    Ё╜═╙╚═╓╜╝Ы Ё╖═А╝║Ц    Ё╞═Ю-Ё╞╝ ╓╝╙Ц╛╔╜БЦ    Ё╞╝ ╓╝╙Ц╛╔╜БЦ    Ё╞╝ ╞╔Ю╔╒═╕╔╜╜Н  Ё╞╝ ╞╔Ю╔╒═╕╔╜╜Н  Ё                Ё Ю═ЕЦ╜╙Ц        ЁЮ═ Ё╔╚╔╛╔╜БЦЁ/АЦ║ Ё/АЦ║ Ё                Ё
ЁБЁё╝А╞. Ё╜╗╙═  ЁГ═╚Л╜╗╙═Ё╓╝╙Ц╛.Ё╓╝╙Ц╛╔╜БЦЁ        Ё         Ё          Ё          ЁБВЫ ЁДВ╖╗Г╜═         ЁАЦЕ═ ╒═ё═       ЁДВ╖╗Г╜═         Ё АЦЕ═ ╒═ё═      Ё                Ё ╒ ╜═Ф.╒═╚НБВ   ЁФВЫЁ╝╞╔Ю═ФВЫЁЮ═Е. ЁЮ═Е. Ё                Ё
цдеддддддеддддддеддддддддеддддддедддддддддеддддддддедддддддддеддддддддддеддддддддддеддддеддддддддддддддддеддддддддддддддддеддддддддддддддддеддддддддддддддддеддддддддддддддддеддддддддддддддддедддеддддддддедддддедддддедддддддддддддддд╢
Ё1Ё  2   Ё  3   Ё   4    Ё  5   Ё    6    Ё   7    Ё    8    Ё    9     Ё    10    Ё 11 Ё     12         Ё        13      Ё      14        Ё       15       Ё      16        Ё    17          Ё 18Ё    19  Ё  20 Ё  21 Ё       22       Ё
юдаддддддаддддддаддддддддаддддддадддддддддаддддддддадддддддддаддддддддддаддддддддддаддддаддддддддддддддддаддддддддддддддддаддддддддддддддддаддддддддддддддддаддддддддддддддддаддддддддддддддддадддаддддддддадддддадддддадддддддддддддддды
 4    902   3641 13090481     15   1632539 18/09/13   5101003                                       62.95                                63                          3,837.43       241,758.09 
                                                                                                                                                                                                 1 17/09/13  2011  6311       241,758.20 
                                                                                                                                                                                                30 17/09/13  6410  6311        48,351.64 
                                                              40280026   97227714    654            62.95            62.95               63                  
 ддддддддддддддддддддддддддддддддддддддддддддддддддддддддддддддддддддддддддддддддддддддддддддддддддддддддддддддддддддддддддддддддддддддддддддддддддддддддддддддддддддддддддддддддддддддддддддддддддддддддддддддддддддддддддддддддддддддд 
                                                                                         дддддддддддддддд дддддддддддддддд дддддддддддддддд дддддддддддддддд                                                            дддддддддддддддд 
⌠АЛ╝ё╝ ╞╝ ╙╝╓Ц ╞Ю╝╓Ц╙ФВЫ  5101003                                                                   62.95            62.95               63                                                                                   290,109.84

 4    902  12638 13090123          1638826 03/09/13   5101062                                           3                                 3                         12,500.00        37,500.00 
                                                                                                                                                                                                 1 30/09/13  2011  6311        37,500.00 
                                                                                                                                                                                                30 30/09/13  6410  6311         7,500.00 
                                                              902010     902010                         3                3                3                  
 ддддддддддддддддддддддддддддддддддддддддддддддддддддддддддддддддддддддддддддддддддддддддддддддддддддддддддддддддддддддддддддддддддддддддддддддддддддддддддддддддддддддддддддддддддддддддддддддддддддддддддддддддддддддддддддддддддддддд 
                                                                                         дддддддддддддддд дддддддддддддддд дддддддддддддддд дддддддддддддддд                                                            дддддддддддддддд 
⌠АЛ╝ё╝ ╞╝ ╙╝╓Ц ╞Ю╝╓Ц╙ФВЫ  5101062                                                                       3                3                3                                                                                    45,000.00

 4    902  12638 13090123          1638827 03/09/13   5101064                                           3                                 3                         12,650.00        37,950.00 
                                                                                                                                                                                                 1 30/09/13  2011  6311        37,950.00 
                                                                                                                                                                                                30 30/09/13  6410  6311         7,590.00 
                                                              902010     902010                         3                3                3                  
 ддддддддддддддддддддддддддддддддддддддддддддддддддддддддддддддддддддддддддддддддддддддддддддддддддддддддддддддддддддддддддддддддддддддддддддддддддддддддддддддддддддддддддддддддддддддддддддддддддддддддддддддддддддддддддддддддддддддд 
                                                                                         дддддддддддддддд дддддддддддддддд дддддддддддддддд дддддддддддддддд                                                            дддддддддддддддд 
⌠АЛ╝ё╝ ╞╝ ╙╝╓Ц ╞Ю╝╓Ц╙ФВЫ  5101064                                                                       3                3                3                                                                                    45,540.00

 4    902  17960 13090346     75   1633469 06/09/13   5101271                                        68.7                              69.4                          1,704.95       118,323.53 
                                                                                                                                                                                                 1 04/09/13  2011  6311       117,362.27 
                                                                                                                                                                                                16 04/09/13  2011  7190           961.11 
                                                                                                                                                                                                30 04/09/13  6410  6311        23,472.45 
                                           04/09/13           51894475   66970526    297             68.7             68.7             69.4                  
 ддддддддддддддддддддддддддддддддддддддддддддддддддддддддддддддддддддддддддддддддддддддддддддддддддддддддддддддддддддддддддддддддддддддддддддддддддддддддддддддддддддддддддддддддддддддддддддддддддддддддддддддддддддддддддддддддддддддд 
 4    902  17960 13090344     76   1633471 09/09/13   5101271                                          69                                69                          1,708.33       117,874.77 
                                                                                                                                                                                                 1 09/09/13  2011  6311       117,874.77 
                                                                                                                                                                                                30 09/09/13  6410  6311        23,574.95 
                                                              52184462   67395707    306               69               69               69                  
 ддддддддддддддддддддддддддддддддддддддддддддддддддддддддддддддддддддддддддддддддддддддддддддддддддддддддддддддддддддддддддддддддддддддддддддддддддддддддддддддддддддддддддддддддддддддддддддддддддддддддддддддддддддддддддддддддддддддд 
 4    902  17960 13090345     77   1633474 09/09/13   5101271                                        66.1                              66.3                          1,703.18       112,920.83 
                                                                                                                                                                                                 1 06/09/13  2011  6311       112,920.61 
                                                                                                                                                                                                30 06/09/13  6410  6311        22,584.12 
                                                              52000940   67905455    300             66.1             66.1             66.3                  
 ддддддддддддддддддддддддддддддддддддддддддддддддддддддддддддддддддддддддддддддддддддддддддддддддддддддддддддддддддддддддддддддддддддддддддддддддддддддддддддддддддддддддддддддддддддддддддддддддддддддддддддддддддддддддддддддддддддддд 
 4    902  17960 13090347     78   1633476 12/09/13   5101271                                        69.6                                70                          1,704.93       119,345.10 
                                                                                                                                                                                                 1 12/09/13  2011  6311       118,899.77 
                                                                                                                                                                                                16 12/09/13  2011  7190           445.53 
                                                                                                                                                                                                30 12/09/13  6410  6311        23,779.95 
                                           12/09/13           52339876   60673274    310             69.6             69.6               70                  
 ддддддддддддддддддддддддддддддддддддддддддддддддддддддддддддддддддддддддддддддддддддддддддддддддддддддддддддддддддддддддддддддддддддддддддддддддддддддддддддддддддддддддддддддддддддддддддддддддддддддддддддддддддддддддддддддддддддддд 
 4    902  17960 13090920     79   1633479 18/09/13   5101271                                          59                                59                          1,708.33       100,791.47 
                                                                                                                                                                                                 1 17/09/13  2011  6311       100,791.47 
                                                                                                                                                                                                30 17/09/13  6410  6311        20,158.29 
                                                              52455003   66109588    315               59               59               59                  
 ддддддддддддддддддддддддддддддддддддддддддддддддддддддддддддддддддддддддддддддддддддддддддддддддддддддддддддддддддддддддддддддддддддддддддддддддддддддддддддддддддддддддддддддддддддддддддддддддддддддддддддддддддддддддддддддддддддддд 
 4    902  17960 13090922     80   1633481 20/09/13   5101271                                        64.5                              63.8                          1,727.07       110,187.07 
                                                                                                                                                                                                 1 19/09/13  2011  6311       110,187.29 
                                                                                                                                                                                                30 19/09/13  6410  6311        22,037.46 
                                                              52753365   65779712    322             64.5             64.5             63.8                  
 ддддддддддддддддддддддддддддддддддддддддддддддддддддддддддддддддддддддддддддддддддддддддддддддддддддддддддддддддддддддддддддддддддддддддддддддддддддддддддддддддддддддддддддддддддддддддддддддддддддддддддддддддддддддддддддддддддддддд 
 4    902  17960 13090921     81   1634023 24/09/13   5101271                                        67.3                              67.4                          1,705.80       114,970.92 
                                                                                                                                                                                                 1 22/09/13  2011  6311       114,970.61 
                                                                                                                                                                                                30 22/09/13  6410  6311        22,994.12 
                                                              52867496   67587238    326             67.3             67.3             67.4                  
 ддддддддддддддддддддддддддддддддддддддддддддддддддддддддддддддддддддддддддддддддддддддддддддддддддддддддддддддддддддддддддддддддддддддддддддддддддддддддддддддддддддддддддддддддддддддддддддддддддддддддддддддддддддддддддддддддддддддд 
 4    902  17960 13090932     82   1636691 30/09/13   5101271                                          69                                69                          1,708.33       117,874.77 
                                                                                                                                                                                                 1 28/09/13  2011  6311       117,874.77 
                                                                                                                                                                                                30 28/09/13  6410  6311        23,574.95 
                                                              53261723   56865454    335               69               69               69                  
 ддддддддддддддддддддддддддддддддддддддддддддддддддддддддддддддддддддддддддддддддддддддддддддддддддддддддддддддддддддддддддддддддддддддддддддддддддддддддддддддддддддддддддддддддддддддддддддддддддддддддддддддддддддддддддддддддддддддд 
                                                                                         дддддддддддддддд дддддддддддддддд дддддддддддддддд дддддддддддддддд                                                            дддддддддддддддд 
⌠АЛ╝ё╝ ╞╝ ╙╝╓Ц ╞Ю╝╓Ц╙ФВЫ  5101271                                                                   533.2            533.2            533.9                                                                                 1,094,464.49

                                                                                         дддддддддддддддд дддддддддддддддд дддддддддддддддд дддддддддддддддд                                                            дддддддддддддддд 
⌠АЛ╝ё╝ ╞╝ ╙╝╓Ц А╙╚═╓Ц         902                                                                  602.15           602.15            602.9                                                                                 1,475,114.33

                                                                                         мммммммммммммммм мммммммммммммммм мммммммммммммммм мммммммммммммммм                                                            мммммммммммммммм 
⌠АЛ╝ё╝                                                                                             602.15           602.15            602.9                                                                                 1,475,114.33

2